warning: ignoring the client-specified setting 'auto-optimise-store', because it is a restricted setting and you are not a trusted user
warning: ignoring the client-specified setting 'max-free', because it is a restricted setting and you are not a trusted user
warning: ignoring the client-specified setting 'min-free', because it is a restricted setting and you are not a trusted user
warning: ignoring the client-specified setting 'trusted-public-keys', because it is a restricted setting and you are not a trusted user
warning: ignoring the client-specified setting 'trusted-substituters', because it is a restricted setting and you are not a trusted user
warning: Nix search path entry '/home/caubut/.nix-defexpr/channels' does not exist, ignoring
these 2 derivations will be built:
  /nix/store/rv5gzyw8v6m4x8q0q99lf4jj0pavwfwn-python3-3.14.6-env.drv
  /nix/store/9gi0f4wi977y330ji2aqi0j6qxxr2dy7-gate2-runtime-probe-closure.drv
these 12 paths will be fetched (57.2 MiB download, 238.3 MiB unpacked):
  /nix/store/kjg4j0j60xji1w5zaj5bw6s3f5qmkfzb-bin
  /nix/store/ffv6vz8kps2qz63xq85ksfz0iwvvvq7w-blas-3
  /nix/store/n78a2p8pr2j5s8yy13bzan5f3f2jwaaq-blas-3-dev
  /nix/store/bv3sp4vhw3qj138iki2ab6bgvgvvmn6x-check-phase-thread-limit-hook
  /nix/store/vyg83i3rmq3vhwp1x9yz2yjs7jcik1dr-gfortran-15.3.0-lib
  /nix/store/208hrxi0b1vizflzw1343jmlg1xwfima-gfortran-15.3.0-libgcc
  /nix/store/7gzli4v63mrj9ai0ypsbwmpvyjmp6h0c-lapack-3
  /nix/store/c69vvlyhhqnigp0yry4afsqsyqh5hix5-lapack-3-dev
  /nix/store/56xz0nfy84ywiqafb8c3rmihykkv8xrm-make-binary-wrapper-hook
  /nix/store/h1spxd2iij2l2ln2jk33mmx7kk7xhvph-openblas-0.3.33
  /nix/store/lbz67b34qlh77bpcisd4b4wsv5n4x0yx-python3.14-numpy-2.5.1
  /nix/store/zlwbwsaaihzsvmiyyl2yspb368n1m9hz-python3.14-rustworkx-0.17.1
copying path '/nix/store/kjg4j0j60xji1w5zaj5bw6s3f5qmkfzb-bin' from 'https://cache.nixos.org'...
copying path '/nix/store/bv3sp4vhw3qj138iki2ab6bgvgvvmn6x-check-phase-thread-limit-hook' from 'https://cache.nixos.org'...
copying path '/nix/store/56xz0nfy84ywiqafb8c3rmihykkv8xrm-make-binary-wrapper-hook' from 'https://cache.nixos.org'...
copying path '/nix/store/208hrxi0b1vizflzw1343jmlg1xwfima-gfortran-15.3.0-libgcc' from 'https://cache.nixos.org'...
copying path '/nix/store/vyg83i3rmq3vhwp1x9yz2yjs7jcik1dr-gfortran-15.3.0-lib' from 'https://cache.nixos.org'...
copying path '/nix/store/h1spxd2iij2l2ln2jk33mmx7kk7xhvph-openblas-0.3.33' from 'https://cache.nixos.org'...
copying path '/nix/store/ffv6vz8kps2qz63xq85ksfz0iwvvvq7w-blas-3' from 'https://cache.nixos.org'...
copying path '/nix/store/7gzli4v63mrj9ai0ypsbwmpvyjmp6h0c-lapack-3' from 'https://cache.nixos.org'...
copying path '/nix/store/c69vvlyhhqnigp0yry4afsqsyqh5hix5-lapack-3-dev' from 'https://cache.nixos.org'...
copying path '/nix/store/n78a2p8pr2j5s8yy13bzan5f3f2jwaaq-blas-3-dev' from 'https://cache.nixos.org'...
copying path '/nix/store/lbz67b34qlh77bpcisd4b4wsv5n4x0yx-python3.14-numpy-2.5.1' from 'https://cache.nixos.org'...
copying path '/nix/store/zlwbwsaaihzsvmiyyl2yspb368n1m9hz-python3.14-rustworkx-0.17.1' from 'https://cache.nixos.org'...
building '/nix/store/rv5gzyw8v6m4x8q0q99lf4jj0pavwfwn-python3-3.14.6-env.drv'...
building '/nix/store/9gi0f4wi977y330ji2aqi0j6qxxr2dy7-gate2-runtime-probe-closure.drv'...
